2026-08-11 18:49:12 [INFO ] [CORE] Contexto inicializado. RunId=20260811-184912 Host=SRV-SAP Admin=False
2026-08-11 18:49:12 [WARN ] [ORQ] Sesion sin privilegios administrativos. Varios controles no podran evidenciarse por completo; las brechas quedaran registradas en el reporte.
2026-08-11 18:49:15 [OK   ] [L1-01] Completado en 1.65s con 23 registros y 2 hallazgos.
2026-08-11 18:49:18 [OK   ] [L2-01] Completado en 2.87s con 12 registros y 1 hallazgos.
2026-08-11 18:49:23 [OK   ] [L2-02] Completado en 4.83s con 9 registros y 2 hallazgos.
2026-08-11 18:49:26 [WARN ] [L2-03] Brecha de evidencia: Get-BitLockerVolume no disponible (caracteristica no instalada o falta de privilegios).
2026-08-11 18:49:26 [WARN ] [L2-03] Brecha de evidencia: Get-WindowsOptionalFeature requiere privilegios elevados; no se verifico SMBv1 como caracteristica.
2026-08-11 18:49:26 [WARN ] [L2-03] Brecha de evidencia: auditpol requiere privilegios elevados; no se evaluo la directiva de auditoria.
2026-08-11 18:49:26 [OK   ] [L2-03] Completado en 3.46s con 31 registros y 3 hallazgos.
2026-08-11 18:49:28 [WARN ] [L3-01] Brecha de evidencia: Modulo WebAdministration no disponible; no se enumeraron los grupos de aplicaciones de IIS.
2026-08-11 18:49:28 [OK   ] [L3-01] Completado en 1.43s con 83 registros y 1 hallazgos.
2026-08-11 18:49:36 [OK   ] [L4-01] Completado en 8.32s con 80 registros y 3 hallazgos.
2026-08-11 18:49:51 [OK   ] [L4-02] Completado en 15.39s con 7 registros y 0 hallazgos.
2026-08-11 18:50:10 [OK   ] [L4-03] Completado en 18.41s con 24 registros y 2 hallazgos.
2026-08-11 18:50:27 [WARN ] [L4-04] Brecha de evidencia: No se pudo resolver la ruta de 365 procesos (habitual sin privilegios elevados: procesos de sistema y de otras sesiones).
2026-08-11 18:50:27 [OK   ] [L4-04] Completado en 16.97s con 83 registros y 2 hallazgos.
2026-08-11 18:50:29 [OK   ] [L4-05] Completado en 2.07s con 66 registros y 3 hallazgos.
2026-08-11 18:50:37 [OK   ] [L4-06] Completado en 8.3s con 51 registros y 4 hallazgos.
2026-08-11 18:50:38 [OK   ] [L5-01] Completado en 0.47s con 290 registros y 4 hallazgos.
2026-08-11 18:50:39 [OK   ] [L5-02] Completado en 1.23s con 133 registros y 4 hallazgos.
2026-08-11 18:50:40 [OK   ] [L6-01] Completado en 0.43s con 30 registros y 8 hallazgos.
2026-08-11 18:51:23 [OK   ] [L7-01] Completado en 43.57s con 139 registros y 3 hallazgos.
2026-08-11 18:51:24 [WARN ] [L8-01] Brecha de evidencia: No se pudo consultar el registro de seguridad (requiere privilegios administrativos).
2026-08-11 18:51:24 [WARN ] [L8-01] Brecha de evidencia: Win32_ShadowCopy no accesible (puede requerir elevacion).
2026-08-11 18:51:24 [WARN ] [L8-01] Brecha de evidencia: Sin registros de Windows Server Backup en los ultimos 30 dias. Si el respaldo lo realiza una herramienta de terceros, verificarlo por fuera de esta auditoria.
2026-08-11 18:51:24 [OK   ] [L8-01] Completado en 0.64s con 17 registros y 3 hallazgos.
2026-08-11 18:51:43 [OK   ] [L9-01] Completado en 18.69s con 55 registros y 2 hallazgos.
2026-08-11 18:51:44 [OK   ] [ORQ] Auditoria finalizada. Riesgo=268.4 (CRITICO). Hallazgos=47.
