2026-08-12 13:56:58 [INFO ] [CORE] Contexto inicializado. RunId=PRUEBA Host=SRV-SAP Admin=False
2026-08-12 13:56:58 [WARN ] [ORQ] Sesion sin privilegios administrativos. Varios criterios no podran evidenciarse por completo; las brechas quedaran registradas en el reporte.
2026-08-12 13:56:58 [INFO ] [ORQ] Modo rapido: se omite L4-03 (Binarios y scripts no gestionados (shadow IT)).
2026-08-12 13:56:59 [INFO ] [ORQ] Modo rapido: se omite L9-01 (Estadisticas de rendimiento y capacidad del servidor).
2026-08-12 13:57:01 [OK   ] [L1-01] Completado en 1.8s con 23 registros y 2 hallazgos.
2026-08-12 13:57:04 [OK   ] [L2-01] Completado en 2.87s con 12 registros y 1 hallazgos.
2026-08-12 13:57:12 [OK   ] [L2-02] Completado en 8.15s con 10 registros y 2 hallazgos.
2026-08-12 13:57:15 [WARN ] [L2-03] Brecha de evidencia: Get-BitLockerVolume no disponible (caracteristica no instalada o falta de privilegios).
2026-08-12 13:57:15 [WARN ] [L2-03] Brecha de evidencia: Get-WindowsOptionalFeature requiere privilegios elevados; no se verifico SMBv1 como caracteristica.
2026-08-12 13:57:15 [WARN ] [L2-03] Brecha de evidencia: auditpol requiere privilegios elevados; no se evaluo la directiva de auditoria.
2026-08-12 13:57:15 [OK   ] [L2-03] Completado en 3.44s con 31 registros y 3 hallazgos.
2026-08-12 13:57:17 [WARN ] [L3-01] Brecha de evidencia: Modulo WebAdministration no disponible; no se enumeraron los grupos de aplicaciones de IIS.
2026-08-12 13:57:17 [OK   ] [L3-01] Completado en 1.32s con 83 registros y 1 hallazgos.
2026-08-12 13:57:26 [OK   ] [L4-01] Completado en 8.83s con 80 registros y 3 hallazgos.
2026-08-12 13:57:39 [OK   ] [L4-02] Completado en 13.6s con 7 registros y 0 hallazgos.
2026-08-12 13:57:58 [WARN ] [L4-04] Brecha de evidencia: No se pudo resolver la ruta de 363 procesos (habitual sin privilegios elevados: procesos de sistema y de otras sesiones).
2026-08-12 13:57:58 [OK   ] [L4-04] Completado en 18.82s con 84 registros y 2 hallazgos.
2026-08-12 13:58:00 [OK   ] [L4-05] Completado en 2.28s con 66 registros y 3 hallazgos.
2026-08-12 13:58:11 [OK   ] [L4-06] Completado en 10.61s con 51 registros y 4 hallazgos.
2026-08-12 13:58:12 [OK   ] [L5-01] Completado en 0.66s con 290 registros y 4 hallazgos.
2026-08-12 13:58:13 [OK   ] [L5-02] Completado en 1.12s con 133 registros y 4 hallazgos.
2026-08-12 13:58:14 [OK   ] [L6-01] Completado en 0.4s con 30 registros y 8 hallazgos.
2026-08-12 13:58:59 [OK   ] [L7-01] Completado en 45.27s con 159 registros y 3 hallazgos.
2026-08-12 13:59:00 [WARN ] [L8-01] Brecha de evidencia: No se pudo consultar el registro de seguridad (requiere privilegios administrativos).
2026-08-12 13:59:00 [WARN ] [L8-01] Brecha de evidencia: Win32_ShadowCopy no accesible (puede requerir elevacion).
2026-08-12 13:59:00 [WARN ] [L8-01] Brecha de evidencia: Sin registros de Windows Server Backup en los ultimos 30 dias. Si el respaldo lo realiza una herramienta de terceros, verificarlo por fuera de esta auditoria.
2026-08-12 13:59:00 [OK   ] [L8-01] Completado en 0.67s con 17 registros y 3 hallazgos.
2026-08-12 13:59:00 [ERROR] [EXCEL] The specified module 'C:\Scripts\Modules\AuditCore\ExcelWriter.psm1' was not loaded because no valid module file was found in any module directory. | at <ScriptBlock>, C:\Scripts\Audit\Reports\New-AuditExcel.ps1: line 25
at <ScriptBlock>, C:\Scripts\Audit\Invoke-Audit.ps1: line 443
2026-08-12 13:59:01 [OK   ] [ORQ] Auditoria finalizada. Riesgo=245 (CRITICO). Hallazgos=43.
