2026-08-12 14:01:58 [INFO ] [CORE] Contexto inicializado. RunId=PRUEBA2 Host=SRV-SAP Admin=False
2026-08-12 14:01:58 [WARN ] [ORQ] Sesion sin privilegios administrativos. Varios criterios no podran evidenciarse por completo; las brechas quedaran registradas en el reporte.
2026-08-12 14:01:58 [INFO ] [ORQ] Modo rapido: se omite L4-03 (Binarios y scripts no gestionados (shadow IT)).
2026-08-12 14:01:58 [INFO ] [ORQ] Modo rapido: se omite L9-01 (Estadisticas de rendimiento y capacidad del servidor).
2026-08-12 14:02:00 [OK   ] [L1-01] Completado en 1.38s con 23 registros y 2 hallazgos.
2026-08-12 14:02:03 [OK   ] [L2-01] Completado en 2.91s con 12 registros y 1 hallazgos.
2026-08-12 14:02:09 [OK   ] [L2-02] Completado en 5.47s con 10 registros y 2 hallazgos.
2026-08-12 14:02:10 [WARN ] [L2-03] Brecha de evidencia: Get-BitLockerVolume no disponible (caracteristica no instalada o falta de privilegios).
2026-08-12 14:02:10 [WARN ] [L2-03] Brecha de evidencia: Get-WindowsOptionalFeature requiere privilegios elevados; no se verifico SMBv1 como caracteristica.
2026-08-12 14:02:10 [WARN ] [L2-03] Brecha de evidencia: auditpol requiere privilegios elevados; no se evaluo la directiva de auditoria.
2026-08-12 14:02:10 [OK   ] [L2-03] Completado en 1.76s con 31 registros y 3 hallazgos.
2026-08-12 14:02:11 [WARN ] [L3-01] Brecha de evidencia: Modulo WebAdministration no disponible; no se enumeraron los grupos de aplicaciones de IIS.
2026-08-12 14:02:11 [OK   ] [L3-01] Completado en 0.9s con 83 registros y 1 hallazgos.
2026-08-12 14:02:19 [OK   ] [L4-01] Completado en 7.32s con 80 registros y 3 hallazgos.
2026-08-12 14:02:23 [OK   ] [L4-02] Completado en 4.6s con 7 registros y 0 hallazgos.
2026-08-12 14:02:39 [WARN ] [L4-04] Brecha de evidencia: No se pudo resolver la ruta de 362 procesos (habitual sin privilegios elevados: procesos de sistema y de otras sesiones).
2026-08-12 14:02:39 [OK   ] [L4-04] Completado en 15.33s con 83 registros y 2 hallazgos.
2026-08-12 14:02:41 [OK   ] [L4-05] Completado en 2.1s con 66 registros y 3 hallazgos.
2026-08-12 14:02:49 [OK   ] [L4-06] Completado en 7.86s con 51 registros y 4 hallazgos.
2026-08-12 14:02:49 [OK   ] [L5-01] Completado en 0.38s con 290 registros y 4 hallazgos.
2026-08-12 14:02:50 [OK   ] [L5-02] Completado en 0.78s con 133 registros y 4 hallazgos.
2026-08-12 14:02:50 [OK   ] [L6-01] Completado en 0.34s con 30 registros y 8 hallazgos.
