2026-08-11 14:13:48 [INFO ] [CORE] Contexto inicializado. RunId=20260811-141348 Host=SRV-SAP Admin=False
2026-08-11 14:13:48 [WARN ] [ORQ] Sesion sin privilegios administrativos. Varios controles no podran evidenciarse por completo; las brechas quedaran registradas en el reporte.
2026-08-11 14:13:50 [OK   ] [L1-01] Completado en 1.53s con 23 registros y 2 hallazgos.
2026-08-11 14:13:53 [OK   ] [L2-01] Completado en 2.98s con 12 registros y 1 hallazgos.
2026-08-11 14:13:58 [OK   ] [L2-02] Completado en 4.68s con 10 registros y 2 hallazgos.
2026-08-11 14:14:01 [WARN ] [L2-03] Brecha de evidencia: Get-BitLockerVolume no disponible (caracteristica no instalada o falta de privilegios).
2026-08-11 14:14:01 [WARN ] [L2-03] Brecha de evidencia: Get-WindowsOptionalFeature requiere privilegios elevados; no se verifico SMBv1 como caracteristica.
2026-08-11 14:14:01 [WARN ] [L2-03] Brecha de evidencia: auditpol requiere privilegios elevados; no se evaluo la directiva de auditoria.
2026-08-11 14:14:01 [OK   ] [L2-03] Completado en 2.83s con 31 registros y 3 hallazgos.
2026-08-11 14:14:02 [WARN ] [L3-01] Brecha de evidencia: Modulo WebAdministration no disponible; no se enumeraron los grupos de aplicaciones de IIS.
2026-08-11 14:14:02 [OK   ] [L3-01] Completado en 1.05s con 83 registros y 1 hallazgos.
2026-08-11 14:14:05 [OK   ] [L4-01] Completado en 2.87s con 80 registros y 2 hallazgos.
2026-08-11 14:14:11 [OK   ] [L4-02] Completado en 5.53s con 7 registros y 0 hallazgos.
2026-08-11 14:14:25 [OK   ] [L4-03] Completado en 14.87s con 23 registros y 2 hallazgos.
2026-08-11 14:14:42 [WARN ] [L4-04] Brecha de evidencia: No se pudo resolver la ruta de 379 procesos (habitual sin privilegios elevados: procesos de sistema y de otras sesiones).
2026-08-11 14:14:42 [OK   ] [L4-04] Completado en 16.48s con 82 registros y 2 hallazgos.
2026-08-11 14:14:44 [OK   ] [L4-05] Completado en 2.03s con 66 registros y 2 hallazgos.
2026-08-11 14:14:45 [OK   ] [L5-01] Completado en 0.4s con 290 registros y 4 hallazgos.
2026-08-11 14:14:46 [OK   ] [L5-02] Completado en 0.96s con 133 registros y 4 hallazgos.
2026-08-11 14:14:46 [OK   ] [L6-01] Completado en 0.32s con 30 registros y 8 hallazgos.
2026-08-11 14:15:31 [OK   ] [L7-01] Completado en 44.58s con 162 registros y 3 hallazgos.
2026-08-11 14:15:31 [WARN ] [L8-01] Brecha de evidencia: No se pudo consultar el registro de seguridad (requiere privilegios administrativos).
2026-08-11 14:15:31 [WARN ] [L8-01] Brecha de evidencia: Win32_ShadowCopy no accesible (puede requerir elevacion).
2026-08-11 14:15:31 [WARN ] [L8-01] Brecha de evidencia: Sin registros de Windows Server Backup en los ultimos 30 dias. Si el respaldo lo realiza una herramienta de terceros, verificarlo por fuera de esta auditoria.
2026-08-11 14:15:31 [OK   ] [L8-01] Completado en 0.57s con 17 registros y 3 hallazgos.
2026-08-11 14:15:51 [OK   ] [L9-01] Completado en 19.31s con 55 registros y 2 hallazgos.
2026-08-11 14:15:51 [OK   ] [ORQ] Auditoria finalizada. Riesgo=224.4 (CRITICO). Hallazgos=41.
