2026-08-13 09:26:38 [INFO ] [CORE] Contexto inicializado. RunId=LINEA-BASE-20260813 Host=SRV-SAP Admin=False
2026-08-13 09:26:38 [WARN ] [ORQ] Sesion sin privilegios administrativos. Varios criterios no podran evidenciarse por completo; las brechas quedaran registradas en el reporte.
2026-08-13 09:26:41 [OK   ] [L1-01] Completado en 1.73s con 23 registros y 2 hallazgos.
2026-08-13 09:26:44 [OK   ] [L2-01] Completado en 3s con 12 registros y 1 hallazgos.
2026-08-13 09:26:50 [OK   ] [L2-02] Completado en 5.53s con 9 registros y 2 hallazgos.
2026-08-13 09:26:53 [WARN ] [L2-03] Brecha de evidencia: Get-BitLockerVolume no disponible (caracteristica no instalada o falta de privilegios).
2026-08-13 09:26:53 [WARN ] [L2-03] Brecha de evidencia: Get-WindowsOptionalFeature requiere privilegios elevados; no se verifico SMBv1 como caracteristica.
2026-08-13 09:26:53 [WARN ] [L2-03] Brecha de evidencia: auditpol requiere privilegios elevados; no se evaluo la directiva de auditoria.
2026-08-13 09:26:53 [OK   ] [L2-03] Completado en 3.74s con 31 registros y 3 hallazgos.
2026-08-13 09:26:55 [WARN ] [L3-01] Brecha de evidencia: Modulo WebAdministration no disponible; no se enumeraron los grupos de aplicaciones de IIS.
2026-08-13 09:26:55 [OK   ] [L3-01] Completado en 1.36s con 83 registros y 1 hallazgos.
2026-08-13 09:27:05 [OK   ] [L4-01] Completado en 9.57s con 80 registros y 3 hallazgos.
2026-08-13 09:27:21 [OK   ] [L4-02] Completado en 16.32s con 7 registros y 0 hallazgos.
2026-08-13 09:28:04 [OK   ] [L4-03] Completado en 43.35s con 389 registros y 3 hallazgos.
2026-08-13 09:28:23 [WARN ] [L4-04] Brecha de evidencia: No se pudo resolver la ruta de 373 procesos (habitual sin privilegios elevados: procesos de sistema y de otras sesiones).
2026-08-13 09:28:23 [OK   ] [L4-04] Completado en 18.67s con 83 registros y 2 hallazgos.
2026-08-13 09:28:25 [OK   ] [L4-05] Completado en 2.2s con 66 registros y 3 hallazgos.
2026-08-13 09:28:35 [OK   ] [L4-06] Completado en 9.85s con 51 registros y 4 hallazgos.
2026-08-13 09:28:36 [OK   ] [L5-01] Completado en 0.52s con 290 registros y 4 hallazgos.
2026-08-13 09:28:37 [OK   ] [L5-02] Completado en 1.13s con 133 registros y 4 hallazgos.
2026-08-13 09:28:38 [OK   ] [L6-01] Completado en 0.48s con 31 registros y 8 hallazgos.
2026-08-13 09:29:23 [OK   ] [L7-01] Completado en 44.75s con 159 registros y 3 hallazgos.
2026-08-13 09:29:23 [WARN ] [L8-01] Brecha de evidencia: No se pudo consultar el registro de seguridad (requiere privilegios administrativos).
2026-08-13 09:29:23 [WARN ] [L8-01] Brecha de evidencia: Win32_ShadowCopy no accesible (puede requerir elevacion).
2026-08-13 09:29:23 [WARN ] [L8-01] Brecha de evidencia: Sin registros de Windows Server Backup en los ultimos 30 dias. Si el respaldo lo realiza una herramienta de terceros, verificarlo por fuera de esta auditoria.
2026-08-13 09:29:23 [OK   ] [L8-01] Completado en 0.69s con 17 registros y 3 hallazgos.
2026-08-13 09:29:43 [OK   ] [L9-01] Completado en 20.04s con 55 registros y 2 hallazgos.
2026-08-13 09:29:46 [OK   ] [ORQ] Auditoria finalizada. Riesgo=288.4 (CRITICO). Hallazgos=48.
